[23-Sep-2024 13:08:43 UTC] PHP Warning:  Trying to access array offset on value of type bool in C:\Users\SONY\Desktop\plantoc site d entrainement\Plantoc\app\public\wp-content\plugins\wplegalpages\wc-am-client-legalpages.php on line 462
[23-Sep-2024 13:13:11 UTC] Erreur d’événement de replanification de tâche pour le crochet elementor_1_elementor_updater_cron. Code d’erreur : invalid_schedule. Message d’erreur : L’évènement planifié n’existe pas.. Données : {"schedule":"elementor_1_elementor_updater_cron_interval","args":[],"interval":300}
[23-Sep-2024 14:28:39 UTC] PHP Warning:  Trying to access array offset on value of type bool in C:\Users\SONY\Desktop\plantoc site d entrainement\Plantoc\app\public\wp-content\plugins\wplegalpages\wc-am-client-legalpages.php on line 462
[23-Sep-2024 14:39:54 UTC] PHP Deprecated:  stripos(): Passing null to parameter #1 ($haystack) of type string is deprecated in C:\Users\SONY\Desktop\plantoc site d entrainement\Plantoc\app\public\wp-includes\functions.wp-styles.php on line 90
[23-Sep-2024 14:44:15 UTC] PHP Deprecated:  stripos(): Passing null to parameter #1 ($haystack) of type string is deprecated in C:\Users\SONY\Desktop\plantoc site d entrainement\Plantoc\app\public\wp-includes\functions.wp-styles.php on line 90
[23-Sep-2024 14:44:24 UTC] PHP Deprecated:  stripos(): Passing null to parameter #1 ($haystack) of type string is deprecated in C:\Users\SONY\Desktop\plantoc site d entrainement\Plantoc\app\public\wp-includes\functions.wp-styles.php on line 90
[23-Sep-2024 14:44:27 UTC] PHP Warning:  Undefined variable $qsid in C:\Users\SONY\Desktop\plantoc site d entrainement\Plantoc\app\public\wp-content\plugins\child-theme-configurator\includes\classes\CSS.php on line 958
[23-Sep-2024 14:44:27 UTC] PHP Warning:  Undefined variable $qsid in C:\Users\SONY\Desktop\plantoc site d entrainement\Plantoc\app\public\wp-content\plugins\child-theme-configurator\includes\classes\CSS.php on line 960
[23-Sep-2024 14:44:27 UTC] PHP Warning:  Undefined variable $qsid in C:\Users\SONY\Desktop\plantoc site d entrainement\Plantoc\app\public\wp-content\plugins\child-theme-configurator\includes\classes\CSS.php on line 967
[23-Sep-2024 14:44:27 UTC] PHP Warning:  Undefined variable $qsid in C:\Users\SONY\Desktop\plantoc site d entrainement\Plantoc\app\public\wp-content\plugins\child-theme-configurator\includes\classes\CSS.php on line 968
[23-Sep-2024 14:44:27 UTC] PHP Warning:  Undefined variable $qsid in C:\Users\SONY\Desktop\plantoc site d entrainement\Plantoc\app\public\wp-content\plugins\child-theme-configurator\includes\classes\CSS.php on line 971
[23-Sep-2024 14:44:29 UTC] PHP Deprecated:  stripos(): Passing null to parameter #1 ($haystack) of type string is deprecated in C:\Users\SONY\Desktop\plantoc site d entrainement\Plantoc\app\public\wp-includes\functions.wp-styles.php on line 90
[23-Sep-2024 14:44:29 UTC] PHP Deprecated:  stripos(): Passing null to parameter #1 ($haystack) of type string is deprecated in C:\Users\SONY\Desktop\plantoc site d entrainement\Plantoc\app\public\wp-includes\functions.wp-styles.php on line 90
[23-Sep-2024 15:12:16 UTC] Erreur d’événement de replanification de tâche pour le crochet action_scheduler_run_queue. Code d’erreur : could_not_set. Message d’erreur : La liste des évènements planifiés n’a pas pu être sauvegardée.. Données : {"schedule":"every_minute","args":["WP Cron"],"interval":60}
[24-Sep-2024 09:23:21 UTC] PHP Warning:  Trying to access array offset on value of type bool in C:\Users\SONY\Desktop\plantoc site d entrainement\Plantoc\app\public\wp-content\plugins\wplegalpages\wc-am-client-legalpages.php on line 462
[27-Sep-2024 10:47:34 UTC] PHP Warning:  Trying to access array offset on value of type bool in C:\Users\SONY\Desktop\plantoc site d entrainement\Plantoc\app\public\wp-content\plugins\wplegalpages\wc-am-client-legalpages.php on line 462
[27-Sep-2024 10:49:25 UTC] PHP Warning:  Trying to access array offset on value of type bool in C:\Users\SONY\Desktop\plantoc site d entrainement\Plantoc\app\public\wp-content\plugins\wplegalpages\wc-am-client-legalpages.php on line 462
[27-Sep-2024 11:04:27 UTC] PHP Warning:  Trying to access array offset on value of type bool in C:\Users\SONY\Desktop\plantoc site d entrainement\Plantoc\app\public\wp-content\plugins\wplegalpages\wc-am-client-legalpages.php on line 462
[27-Sep-2024 16:50:09 UTC] Erreur d’événement de replanification de tâche pour le crochet action_scheduler_run_queue. Code d’erreur : could_not_set. Message d’erreur : La liste des évènements planifiés n’a pas pu être sauvegardée.. Données : {"schedule":"every_minute","args":["WP Cron"],"interval":60}
[27-Sep-2024 16:50:09 UTC] Erreur d’événement de déplanification de tâche pour le crochet woocommerce_cancel_unpaid_orders. Code d’erreur : could_not_set. Message d’erreur : La liste des évènements planifiés n’a pas pu être sauvegardée.. Données : {"schedule":false,"args":[]}
[02-Oct-2024 11:20:28 UTC] Erreur d’événement de replanification de tâche pour le crochet action_scheduler_run_queue. Code d’erreur : could_not_set. Message d’erreur : La liste des évènements planifiés n’a pas pu être sauvegardée.. Données : {"schedule":"every_minute","args":["WP Cron"],"interval":60}
[02-Oct-2024 12:05:47 UTC] Erreur d’événement de replanification de tâche pour le crochet action_scheduler_run_queue. Code d’erreur : could_not_set. Message d’erreur : La liste des évènements planifiés n’a pas pu être sauvegardée.. Données : {"schedule":"every_minute","args":["WP Cron"],"interval":60}
[02-Oct-2024 12:17:16 UTC] Erreur d’événement de replanification de tâche pour le crochet action_scheduler_run_queue. Code d’erreur : could_not_set. Message d’erreur : La liste des évènements planifiés n’a pas pu être sauvegardée.. Données : {"schedule":"every_minute","args":["WP Cron"],"interval":60}
[02-Oct-2024 12:49:40 UTC] Erreur d’événement de replanification de tâche pour le crochet action_scheduler_run_queue. Code d’erreur : could_not_set. Message d’erreur : La liste des évènements planifiés n’a pas pu être sauvegardée.. Données : {"schedule":"every_minute","args":["WP Cron"],"interval":60}
[03-Oct-2024 12:27:57 UTC] Erreur d’événement de replanification de tâche pour le crochet action_scheduler_run_queue. Code d’erreur : could_not_set. Message d’erreur : La liste des évènements planifiés n’a pas pu être sauvegardée.. Données : {"schedule":"every_minute","args":["WP Cron"],"interval":60}
[03-Oct-2024 13:06:59 UTC] PHP Warning:  Trying to access array offset on value of type bool in C:\Users\SONY\Desktop\plantoc site d entrainement\Plantoc\app\public\wp-content\plugins\wplegalpages\wc-am-client-legalpages.php on line 462
[03-Oct-2024 13:07:25 UTC] PHP Warning:  Trying to access array offset on value of type bool in C:\Users\SONY\Desktop\plantoc site d entrainement\Plantoc\app\public\wp-content\plugins\wplegalpages\wc-am-client-legalpages.php on line 462
[04-Oct-2024 10:16:12 UTC] PHP Warning:  Trying to access array offset on value of type bool in C:\Users\SONY\Desktop\plantoc site d entrainement\Plantoc\app\public\wp-content\plugins\wplegalpages\wc-am-client-legalpages.php on line 462
[07-Oct-2024 13:10:22 UTC] PHP Warning:  Trying to access array offset on value of type bool in C:\Users\SONY\Desktop\plantoc site d entrainement\Plantoc\app\public\wp-content\plugins\wplegalpages\wc-am-client-legalpages.php on line 462
[07-Oct-2024 13:10:37 UTC] PHP Warning:  Trying to access array offset on value of type null in C:\Users\SONY\Desktop\plantoc site d entrainement\Plantoc\app\public\wp-content\plugins\wplegalpages\wc-am-client-legalpages.php on line 473
[07-Oct-2024 13:11:10 UTC] PHP Warning:  Trying to access array offset on value of type bool in C:\Users\SONY\Desktop\plantoc site d entrainement\Plantoc\app\public\wp-content\plugins\wplegalpages\wc-am-client-legalpages.php on line 462
[08-Oct-2024 11:06:27 UTC] PHP Warning:  Trying to access array offset on value of type bool in C:\Users\SONY\Desktop\plantoc site d entrainement\Plantoc\app\public\wp-content\plugins\wplegalpages\wc-am-client-legalpages.php on line 462
[08-Oct-2024 11:08:14 UTC] PHP Warning:  Trying to access array offset on value of type bool in C:\Users\SONY\Desktop\plantoc site d entrainement\Plantoc\app\public\wp-content\plugins\wplegalpages\wc-am-client-legalpages.php on line 462
[08-Oct-2024 11:08:58 UTC] PHP Warning:  Trying to access array offset on value of type bool in C:\Users\SONY\Desktop\plantoc site d entrainement\Plantoc\app\public\wp-content\plugins\wplegalpages\wc-am-client-legalpages.php on line 462
[08-Oct-2024 11:09:16 UTC] PHP Warning:  Trying to access array offset on value of type bool in C:\Users\SONY\Desktop\plantoc site d entrainement\Plantoc\app\public\wp-content\plugins\wplegalpages\wc-am-client-legalpages.php on line 462
[09-Oct-2024 19:03:42 UTC] Erreur d’événement de replanification de tâche pour le crochet action_scheduler_run_queue. Code d’erreur : could_not_set. Message d’erreur : La liste des évènements planifiés n’a pas pu être sauvegardée.. Données : {"schedule":"every_minute","args":["WP Cron"],"interval":60}
[16-Oct-2024 12:11:45 UTC] Erreur d’événement de replanification de tâche pour le crochet action_scheduler_run_queue. Code d’erreur : could_not_set. Message d’erreur : La liste des évènements planifiés n’a pas pu être sauvegardée.. Données : {"schedule":"every_minute","args":["WP Cron"],"interval":60}
[18-Oct-2024 11:54:59 UTC] Erreur d’événement de replanification de tâche pour le crochet action_scheduler_run_queue. Code d’erreur : could_not_set. Message d’erreur : La liste des évènements planifiés n’a pas pu être sauvegardée.. Données : {"schedule":"every_minute","args":["WP Cron"],"interval":60}
[19-Oct-2024 07:41:40 UTC] PHP Warning:  Trying to access array offset on value of type bool in C:\Users\SONY\Desktop\plantoc site d entrainement\Plantoc\app\public\wp-content\plugins\wplegalpages\wc-am-client-legalpages.php on line 462
[19-Oct-2024 07:44:24 UTC] PHP Warning:  Trying to access array offset on value of type bool in C:\Users\SONY\Desktop\plantoc site d entrainement\Plantoc\app\public\wp-content\plugins\wplegalpages\wc-am-client-legalpages.php on line 462
[19-Oct-2024 07:46:16 UTC] PHP Warning:  Trying to access array offset on value of type bool in C:\Users\SONY\Desktop\plantoc site d entrainement\Plantoc\app\public\wp-content\plugins\wplegalpages\wc-am-client-legalpages.php on line 462
[19-Oct-2024 07:46:33 UTC] PHP Warning:  Trying to access array offset on value of type bool in C:\Users\SONY\Desktop\plantoc site d entrainement\Plantoc\app\public\wp-content\plugins\wplegalpages\wc-am-client-legalpages.php on line 249
[19-Oct-2024 07:47:22 UTC] Erreur d’événement de replanification de tâche pour le crochet action_scheduler_run_queue. Code d’erreur : invalid_schedule. Message d’erreur : L’évènement planifié n’existe pas.. Données : {"schedule":"every_minute","args":["WP Cron"],"interval":60}
[20-Oct-2024 17:20:41 UTC] Erreur d’événement de replanification de tâche pour le crochet action_scheduler_run_queue. Code d’erreur : could_not_set. Message d’erreur : La liste des évènements planifiés n’a pas pu être sauvegardée.. Données : {"schedule":"every_minute","args":["WP Cron"],"interval":60}
[20-Oct-2024 20:41:59 UTC] Erreur d’événement de replanification de tâche pour le crochet action_scheduler_run_queue. Code d’erreur : could_not_set. Message d’erreur : La liste des évènements planifiés n’a pas pu être sauvegardée.. Données : {"schedule":"every_minute","args":["WP Cron"],"interval":60}
[23-Oct-2024 11:28:12 UTC] Erreur d’événement de replanification de tâche pour le crochet action_scheduler_run_queue. Code d’erreur : could_not_set. Message d’erreur : La liste des évènements planifiés n’a pas pu être sauvegardée.. Données : {"schedule":"every_minute","args":["WP Cron"],"interval":60}
[24-Oct-2024 09:52:24 UTC] Erreur d’événement de replanification de tâche pour le crochet action_scheduler_run_queue. Code d’erreur : could_not_set. Message d’erreur : La liste des évènements planifiés n’a pas pu être sauvegardée.. Données : {"schedule":"every_minute","args":["WP Cron"],"interval":60}
[24-Oct-2024 10:10:02 UTC] Erreur d’événement de replanification de tâche pour le crochet action_scheduler_run_queue. Code d’erreur : could_not_set. Message d’erreur : La liste des évènements planifiés n’a pas pu être sauvegardée.. Données : {"schedule":"every_minute","args":["WP Cron"],"interval":60}
[24-Oct-2024 16:26:21 UTC] Erreur d’événement de replanification de tâche pour le crochet action_scheduler_run_queue. Code d’erreur : could_not_set. Message d’erreur : La liste des évènements planifiés n’a pas pu être sauvegardée.. Données : {"schedule":"every_minute","args":["WP Cron"],"interval":60}
[29-Oct-2024 11:48:39 UTC] Erreur d’événement de replanification de tâche pour le crochet action_scheduler_run_queue. Code d’erreur : could_not_set. Message d’erreur : La liste des évènements planifiés n’a pas pu être sauvegardée.. Données : {"schedule":"every_minute","args":["WP Cron"],"interval":60}
[02-Nov-2024 18:02:15 UTC] PHP Warning:  Attempt to read property "post_content" on null in C:\Users\SONY\Desktop\plantoc site d entrainement\Plantoc\app\public\wp-content\plugins\woocommerce\includes\customizer\class-wc-shop-customizer.php on line 950
[02-Nov-2024 18:02:15 UTC] PHP Warning:  Attempt to read property "post_content" on null in C:\Users\SONY\Desktop\plantoc site d entrainement\Plantoc\app\public\wp-content\plugins\woocommerce\includes\customizer\class-wc-shop-customizer.php on line 950
[03-Nov-2024 19:25:39 UTC] PHP Warning:  Undefined array key "editor_post_id" in C:\Users\SONY\Desktop\plantoc site d entrainement\Plantoc\app\public\wp-content\plugins\elementor\modules\history\revisions-manager.php on line 363
[03-Nov-2024 20:28:59 UTC] Erreur d’événement de replanification de tâche pour le crochet action_scheduler_run_queue. Code d’erreur : invalid_schedule. Message d’erreur : L’évènement planifié n’existe pas.. Données : {"schedule":"every_minute","args":["WP Cron"],"interval":60}
[20-Nov-2024 11:38:44 UTC] WordPress database error Deadlock found when trying to get lock; try restarting transaction for query INSERT INTO `wp_options` (`option_name`, `option_value`, `autoload`) VALUES ('_site_transient_timeout_wp_theme_files_patterns-4e229e5b32100ce3cd282e06500b0a64', '1732104524', 'off') ON DUPLICATE KEY UPDATE `option_name` = VALUES(`option_name`), `option_value` = VALUES(`option_value`), `autoload` = VALUES(`autoload`) made by require_once('wp-load.php'), require_once('wp-config.php'), require_once('wp-settings.php'), do_action('init'), WP_Hook->do_action, WP_Hook->apply_filters, _register_theme_block_patterns, WP_Theme->get_block_patterns, WP_Theme->set_pattern_cache, set_site_transient, add_site_option, add_network_option, add_option
[13-Dec-2024 09:33:11 UTC] Erreur d’événement de replanification de tâche pour le crochet jetpack_clean_nonces. Code d’erreur : could_not_set. Message d’erreur : La liste des évènements planifiés n’a pas pu être sauvegardée.. Données : {"schedule":"hourly","args":[],"interval":3600}
[20-Dec-2024 10:16:03 UTC] PHP Warning:  Undefined array key "editor_post_id" in C:\Users\SONY\Desktop\plantoc site d entrainement\Plantoc\app\public\wp-content\plugins\elementor\includes\managers\widgets.php on line 378
